[2026-07-16] Syncing skills...
[main fae23d9] skills: daily sync 2026-07-16
 36 files changed, 1883 insertions(+), 193 deletions(-)
 create mode 100644 scripts/sync-2026-07-16.log
 rename skills/{ => .archive}/creative/ascii-art/SKILL.md (100%)
 create mode 100644 skills/.archive/curation-summary-2026-07-15.md
 rename skills/{ => .archive}/gaming/minecraft-modpack-server/SKILL.md (100%)
 rename skills/{ => .archive}/gaming/pokemon-player/SKILL.md (100%)
 rename skills/{ => .archive}/media/gif-search/SKILL.md (100%)
 rename skills/{ => .archive}/media/spotify/SKILL.md (100%)
 rename skills/{ => .archive}/media/youtube-content/SKILL.md (100%)
 rename skills/{ => .archive}/media/youtube-content/references/output-formats.md (100%)
 rename skills/{ => .archive}/media/youtube-content/scripts/fetch_transcript.py (100%)
 rename skills/{ => .archive}/social-media/chinese-messaging-gateway/SKILL.md (100%)
 rename skills/{ => .archive}/social-media/chinese-messaging-gateway/references/qq-bot.md (100%)
 rename skills/{ => .archive}/social-media/chinese-messaging-gateway/references/weixin-wechat.md (100%)
 rename skills/{ => .archive}/social-media/xurl/SKILL.md (100%)
 rename skills/{ => .archive}/software-development/systematic-debugging/SKILL.md (100%)
 rename skills/{ => .archive}/software-development/systematic-debugging/references/debugging-tui-commands.md (100%)
 rename skills/{ => .archive}/software-development/systematic-debugging/references/node-debugging.md (100%)
 rename skills/{ => .archive}/software-development/systematic-debugging/references/python-debugging.md (100%)
 create mode 100644 skills/.archive/structured-summary-2026-07-15.yaml
 rename skills/{ => .archive}/yuanbao/SKILL.md (100%)
 create mode 100644 skills/.curator_backups/2026-07-15T08-37-31Z/cron-jobs.json
 create mode 100644 skills/.curator_backups/2026-07-15T08-37-31Z/manifest.json
 create mode 100644 skills/.curator_backups/2026-07-15T08-37-31Z/skills.tar.gz
 create mode 100644 skills/creative/ascii-video/references/static-ascii-tools.md
 create mode 100644 skills/gaming-setup-and-play/SKILL.md
 create mode 100644 skills/media-platform-apis/SKILL.md
 create mode 100644 skills/social-platform-integrations/SKILL.md
 create mode 100644 skills/software-development/development-workflow/references/debugging/FULL.md
 create mode 100644 skills/software-development/development-workflow/references/debugging/debugging-tui-commands.md
 create mode 100644 skills/software-development/development-workflow/references/debugging/node-debugging.md
 create mode 100644 skills/software-development/development-workflow/references/debugging/python-debugging.md
To https://github.com/gilliansoso/hermes-knowledge-base.git
   fb6a7d9..fae23d9  main -> main
✓ Pushed 2026-07-16 skill sync
[2026-07-16] Done
